<html>
<body>
<pre>
<h1>µVision Build Log</h1>
<h2>Tool Versions:</h2>
IDE-Version: ¦ÌVision V5.30.0.0
Copyright (C) 2020 ARM Ltd and ARM Germany GmbH. All rights reserved.
License Information: 1 1, 23, LIC=65ISZ-JJY2P-GK0BG-VH0GK-YDSA2-JJKLN
 
Tool Versions:
Toolchain:       MDK-ARM Plus  Version: 5.30.0.0
Toolchain Path:  D:\Keil_v5\ARM\ARMCC\Bin
C Compiler:      Armcc.exe V5.06 update 6 (build 750)
Assembler:       Armasm.exe V5.06 update 6 (build 750)
Linker/Locator:  ArmLink.exe V5.06 update 6 (build 750)
Library Manager: ArmAr.exe V5.06 update 6 (build 750)
Hex Converter:   FromElf.exe V5.06 update 6 (build 750)
CPU DLL:         SARMCM3.DLL V5.30.0.0
Dialog DLL:      DCM.DLL V1.17.3.0
Target DLL:      STLink\ST-LINKIII-KEIL_SWO.dll V3.0.7.0
Dialog DLL:      TCM.DLL V1.42.0.0
 
<h2>Project:</h2>
F:\HandsOn\TouchGFX\L4\TouchGFXProjects\MyApplication\MDK-ARM\STM32L4R9I_DISCOVERY.uvprojx
Project File Date:  08/02/2021

<h2>Output:</h2>
*** Using Compiler 'V5.06 update 6 (build 750)', folder: 'D:\Keil_v5\ARM\ARMCC\Bin'
*** Warning: You are compiling one or more files of source type C++ and have selected 'use MicroLIB'. MicroLIB does not support C++!
  
Build target 'STM32L4R9I_DISCOVERY'
assembling startup_stm32l4r9xx.s...
compiling CortexMMCUInstrumentation.cpp...
compiling STM32TouchController.cpp...
compiling TouchGFXHAL.cpp...
../TouchGFX/target/generated/TouchGFXGeneratedHAL.hpp(56): warning:  #1300-D: initialize inherits implicit virtual
      void initialize();
../TouchGFX/target/TouchGFXHAL.hpp(60): warning:  #1300-D: initialize inherits implicit virtual
      void initialize();
../TouchGFX/target/TouchGFXHAL.cpp: 2 warnings, 0 errors
compiling TouchGFXGPIO.cpp...
compiling TouchGFXGeneratedHAL.cpp...
../TouchGFX/target/generated/TouchGFXGeneratedHAL.hpp(56): warning:  #1300-D: initialize inherits implicit virtual
      void initialize();
../TouchGFX/target/generated/TouchGFXGeneratedHAL.cpp: 1 warning, 0 errors
compiling STM32DMA.cpp...
compiling TouchGFXConfiguration.cpp...
../TouchGFX/target/generated/TouchGFXGeneratedHAL.hpp(56): warning:  #1300-D: initialize inherits implicit virtual
      void initialize();
../TouchGFX/target/TouchGFXHAL.hpp(60): warning:  #1300-D: initialize inherits implicit virtual
      void initialize();
../TouchGFX/target/generated/TouchGFXConfiguration.cpp: 2 warnings, 0 errors
compiling app_touchgfx.c...
compiling OSWrappers.cpp...
compiling main.c...
compiling freertos.c...
compiling stm32l4xx_it.c...
compiling stm32l4xx_hal_msp.c...
compiling stm32l4xx_hal_timebase_tim.c...
compiling mfxstm32l152.c...
compiling stm32l4r9i_discovery_io.c...
compiling ft3x67.c...
compiling stm32l4xx_hal_crc_ex.c...
compiling stm32l4xx_hal_crc.c...
compiling stm32l4xx_hal.c...
compiling stm32l4xx_hal_i2c_ex.c...
compiling stm32l4xx_hal_i2c.c...
compiling stm32l4xx_hal_rcc.c...
compiling stm32l4xx_hal_flash.c...
compiling stm32l4xx_hal_rcc_ex.c...
compiling stm32l4xx_hal_flash_ex.c...
compiling stm32l4xx_hal_flash_ramfunc.c...
compiling stm32l4xx_hal_gpio.c...
compiling stm32l4xx_hal_dma.c...
compiling stm32l4xx_hal_dma_ex.c...
compiling stm32l4xx_hal_pwr.c...
compiling stm32l4xx_hal_pwr_ex.c...
compiling stm32l4xx_hal_cortex.c...
compiling stm32l4xx_hal_exti.c...
compiling stm32l4xx_hal_dma2d.c...
compiling stm32l4xx_hal_dsi.c...
compiling stm32l4xx_hal_gfxmmu.c...
compiling stm32l4xx_hal_ltdc.c...
compiling stm32l4xx_hal_ltdc_ex.c...
compiling stm32l4xx_hal_ospi.c...
compiling stm32l4xx_hal_tim.c...
compiling stm32l4xx_hal_tim_ex.c...
compiling croutine.c...
compiling event_groups.c...
compiling system_stm32l4xx.c...
compiling list.c...
compiling tasks.c...
compiling queue.c...
compiling stream_buffer.c...
compiling timers.c...
compiling heap_4.c...
compiling FrontendApplication.cpp...
compiling port.c...
compiling MainView.cpp...
compiling MainPresenter.cpp...
compiling cmsis_os2.c...
compiling ApplicationFontProvider.cpp...
compiling Model.cpp...
compiling BitmapDatabase.cpp...
compiling Font_verdana_10_4bpp_0.cpp...
compiling CachedFont.cpp...
compiling Font_verdana_20_4bpp_0.cpp...
compiling Font_verdana_40_4bpp_0.cpp...
compiling GeneratedFont.cpp...
compiling FontCache.cpp...
compiling FrontendApplicationBase.cpp...
compiling image_hum_press_needle.cpp...
compiling image_hum_press_needle_center.cpp...
compiling image_tgfx_logo_white.cpp...
compiling image_blank_watch_background.cpp...
compiling image_background.cpp...
compiling image_watch_hours.cpp...
compiling image_watch_minutes.cpp...
compiling image_watch_needle_center.cpp...
compiling image_watch_seconds.cpp...
compiling Kerning_verdana_20_4bpp.cpp...
compiling Kerning_verdana_10_4bpp.cpp...
compiling Kerning_verdana_40_4bpp.cpp...
compiling Table_verdana_10_4bpp.cpp...
compiling Table_verdana_20_4bpp.cpp...
compiling MainViewBase.cpp...
compiling Table_verdana_40_4bpp.cpp...
compiling Texts.cpp...
compiling TypedTextDatabase.cpp...
compiling UnmappedDataFont.cpp...
linking...
.\STM32L4R9I_DISCOVERY.sct(16): warning: L6312W: Empty Execution region description for region RW_FRAMEBUFFER
Program Size: Code=111712 RO-data=1288248 RW-data=3900 ZI-data=44676  
Finished: 0 information, 1 warning and 0 error messages.
FromELF: creating hex file...
"STM32L4R9I_DISCOVERY\STM32L4R9I_DISCOVERY.axf" - 0 Error(s), 6 Warning(s).

<h2>Software Packages used:</h2>

Package Vendor: ARM
                http://www.keil.com/pack/ARM.CMSIS.5.7.0.pack
                ARM.CMSIS.5.7.0
                CMSIS (Cortex Microcontroller Software Interface Standard)
   * Component: CORE Version: 5.4.0

Package Vendor: Keil
                http://www.keil.com/pack/Keil.STM32L4xx_DFP.2.6.0.pack
                Keil.STM32L4xx_DFP.2.6.0
                STMicroelectronics STM32L4 Series Device Support, Drivers and Examples

<h2>Collection of Component include folders:</h2>
  .\RTE\_STM32L4R9I_DISCOVERY
  D:\Program Files\Pack\ARM\CMSIS\5.7.0\CMSIS\Core\Include
  D:\Program Files\Pack\Keil\STM32L4xx_DFP\2.6.0\Drivers\CMSIS\Device\ST\STM32L4xx\Include

<h2>Collection of Component Files used:</h2>

   * Component: ARM::CMSIS:CORE:5.4.0
Build Time Elapsed:  00:00:34
</pre>
</body>
</html>
